Fatal error: exception Failure("illegal assignment int = float in i = 3.2")